This is pdfTeX, Version 3.141592653-2.6-1.40.29 (MiKTeX 26.5) (preloaded format=pdflatex 2026.8.20)  20 AUG 2026 13:39
entering extended mode
 restricted \write18 enabled.
 file:line:error style messages enabled.
 %&-line parsing enabled.
**"c:/Users/Saziz/Desktop/Shakif/Emergency Response System/ers-report/main.tex"
(c:/Users/Saziz/Desktop/Shakif/Emergency Response System/ers-report/main.tex
LaTeX2e <2026-06-01>
L3 programming layer <2026-07-20>
(C:\Users\Saziz\AppData\Local\Programs\MiKTeX\tex/latex/base\report.cls
Document Class: report 2025/01/22 v1.4n Standard LaTeX document class
(C:\Users\Saziz\AppData\Local\Programs\MiKTeX\tex/latex/base\size11.clo
File: size11.clo 2025/01/22 v1.4n Standard LaTeX file (size option)
)
\c@part=\count276
\c@chapter=\count277
\c@section=\count278
\c@subsection=\count279
\c@subsubsection=\count280
\c@paragraph=\count281
\c@subparagraph=\count282
\c@figure=\count283
\c@table=\count284
\abovecaptionskip=\skip49
\belowcaptionskip=\skip50
\bibindent=\dimen150
) (C:\Users\Saziz\AppData\Local\Programs\MiKTeX\tex/latex/geometry\geometry.sty
Package: geometry 2026/03/07 v6.0 Page Geometry
 (C:\Users\Saziz\AppData\Local\Programs\MiKTeX\tex/latex/graphics\keyval.sty
Package: keyval 2026-05-17 v1.15 key=value parser (DPC)
\KV@toks@=\toks17
) (C:\Users\Saziz\AppData\Local\Programs\MiKTeX\tex/generic/iftex\ifvtex.sty
Package: ifvtex 2019/10/25 v1.7 ifvtex legacy package. Use iftex instead.
 (C:\Users\Saziz\AppData\Local\Programs\MiKTeX\tex/generic/iftex\iftex.sty
Package: iftex 2024/12/12 v1.0g TeX engine tests
))
\Gm@cnth=\count285
\Gm@cntv=\count286
\c@Gm@tempcnt=\count287
\Gm@bindingoffset=\dimen151
\Gm@wd@mp=\dimen152
\Gm@odd@mp=\dimen153
\Gm@even@mp=\dimen154
\Gm@layoutwidth=\dimen155
\Gm@layoutheight=\dimen156
\Gm@layouthoffset=\dimen157
\Gm@layoutvoffset=\dimen158
\Gm@dimlist=\toks18
 (C:\Users\Saziz\AppData\Local\Programs\MiKTeX\tex/latex/geometry\geometry.cfg)) (C:\Users\Saziz\AppData\Local\Programs\MiKTeX\tex/latex/base\inputenc.sty
Package: inputenc 2024/02/08 v1.3d Input encoding file
\inpenc@prehook=\toks19
\inpenc@posthook=\toks20
) (C:\Users\Saziz\AppData\Local\Programs\MiKTeX\tex/latex/base\fontenc.sty
Package: fontenc 2025/07/18 v2.1d Standard LaTeX package
) (C:\Users\Saziz\AppData\Local\Programs\MiKTeX\tex/latex/lm\lmodern.sty
Package: lmodern 2015/05/01 v1.6.1 Latin Modern Fonts
LaTeX Font Info:    Overwriting symbol font `operators' in version `normal'
(Font)                  OT1/cmr/m/n --> OT1/lmr/m/n on input line 22.
LaTeX Font Info:    Overwriting symbol font `letters' in version `normal'
(Font)                  OML/cmm/m/it --> OML/lmm/m/it on input line 23.
LaTeX Font Info:    Overwriting symbol font `symbols' in version `normal'
(Font)                  OMS/cmsy/m/n --> OMS/lmsy/m/n on input line 24.
LaTeX Font Info:    Overwriting symbol font `largesymbols' in version `normal'
(Font)                  OMX/cmex/m/n --> OMX/lmex/m/n on input line 25.
LaTeX Font Info:    Overwriting symbol font `operators' in version `bold'
(Font)                  OT1/cmr/bx/n --> OT1/lmr/bx/n on input line 26.
LaTeX Font Info:    Overwriting symbol font `letters' in version `bold'
(Font)                  OML/cmm/b/it --> OML/lmm/b/it on input line 27.
LaTeX Font Info:    Overwriting symbol font `symbols' in version `bold'
(Font)                  OMS/cmsy/b/n --> OMS/lmsy/b/n on input line 28.
LaTeX Font Info:    Overwriting symbol font `largesymbols' in version `bold'
(Font)                  OMX/cmex/m/n --> OMX/lmex/m/n on input line 29.
LaTeX Font Info:    Overwriting math alphabet `\mathbf' in version `normal'
(Font)                  OT1/cmr/bx/n --> OT1/lmr/bx/n on input line 31.
LaTeX Font Info:    Overwriting math alphabet `\mathsf' in version `normal'
(Font)                  OT1/cmss/m/n --> OT1/lmss/m/n on input line 32.
LaTeX Font Info:    Overwriting math alphabet `\mathit' in version `normal'
(Font)                  OT1/cmr/m/it --> OT1/lmr/m/it on input line 33.
LaTeX Font Info:    Overwriting math alphabet `\mathtt' in version `normal'
(Font)                  OT1/cmtt/m/n --> OT1/lmtt/m/n on input line 34.
LaTeX Font Info:    Overwriting math alphabet `\mathbf' in version `bold'
(Font)                  OT1/cmr/bx/n --> OT1/lmr/bx/n on input line 35.
LaTeX Font Info:    Overwriting math alphabet `\mathsf' in version `bold'
(Font)                  OT1/cmss/bx/n --> OT1/lmss/bx/n on input line 36.
LaTeX Font Info:    Overwriting math alphabet `\mathit' in version `bold'
(Font)                  OT1/cmr/bx/it --> OT1/lmr/bx/it on input line 37.
LaTeX Font Info:    Overwriting math alphabet `\mathtt' in version `bold'
(Font)                  OT1/cmtt/m/n --> OT1/lmtt/m/n on input line 38.
) (C:\Users\Saziz\AppData\Local\Programs\MiKTeX\tex/latex/microtype\microtype.sty
Package: microtype 2026/03/01 v3.2d Micro-typographical refinements (RS)
 (C:\Users\Saziz\AppData\Local\Programs\MiKTeX\tex/latex/etoolbox\etoolbox.sty
Package: etoolbox 2025/10/02 v2.5m e-TeX tools for LaTeX (JAW)
\etb@tempcnta=\count288
)
\MT@toks=\toks21
\MT@tempbox=\box53
\MT@count=\count289
LaTeX Info: Redefining \noprotrusionifhmode on input line 1084.
LaTeX Info: Redefining \leftprotrusion on input line 1085.
\MT@prot@toks=\toks22
LaTeX Info: Redefining \rightprotrusion on input line 1104.
LaTeX Info: Redefining \textls on input line 1449.
\MT@outer@kern=\dimen159
LaTeX Info: Redefining \microtypecontext on input line 2053.
LaTeX Info: Redefining \textmicrotypecontext on input line 2070.
\MT@listname@count=\count290
 (C:\Users\Saziz\AppData\Local\Programs\MiKTeX\tex/latex/microtype\microtype-pdftex.def
File: microtype-pdftex.def 2026/03/01 v3.2d Definitions specific to pdftex (RS)
LaTeX Info: Redefining \lsstyle on input line 944.
LaTeX Info: Redefining \lslig on input line 944.
\MT@outer@space=\skip51
)
Package microtype Info: Loading configuration file microtype.cfg.
 (C:\Users\Saziz\AppData\Local\Programs\MiKTeX\tex/latex/microtype\microtype.cfg
File: microtype.cfg 2026/03/01 v3.2d microtype main configuration file (RS)
)
LaTeX Info: Redefining \microtypesetup on input line 3065.
) (C:\Users\Saziz\AppData\Local\Programs\MiKTeX\tex/latex/setspace\setspace.sty
Package: setspace 2022/12/04 v6.7b set line spacing
) (C:\Users\Saziz\AppData\Local\Programs\MiKTeX\tex/latex/graphics\graphicx.sty
Package: graphicx 2026-05-17 v1.2e Enhanced LaTeX Graphics (DPC,SPQR)
 (C:\Users\Saziz\AppData\Local\Programs\MiKTeX\tex/latex/graphics\graphics.sty
Package: graphics 2026-05-17 v1.4h Standard LaTeX Graphics (DPC,SPQR)
 (C:\Users\Saziz\AppData\Local\Programs\MiKTeX\tex/latex/graphics\trig.sty
Package: trig 2023/12/02 v1.11 sin cos tan (DPC)
) (C:\Users\Saziz\AppData\Local\Programs\MiKTeX\tex/latex/graphics-cfg\graphics.cfg
File: graphics.cfg 2016/06/04 v1.11 sample graphics configuration
)
Package graphics Info: Driver file: pdftex.def on input line 106.
 (C:\Users\Saziz\AppData\Local\Programs\MiKTeX\tex/latex/graphics-def\pdftex.def
File: pdftex.def 2025/09/29 v1.2d Graphics/color driver for pdftex
))
\Gin@req@height=\dimen160
\Gin@req@width=\dimen161
) (C:\Users\Saziz\AppData\Local\Programs\MiKTeX\tex/latex/caption\caption.sty
Package: caption 2023/08/05 v3.6o Customizing captions (AR)
 (C:\Users\Saziz\AppData\Local\Programs\MiKTeX\tex/latex/caption\caption3.sty
Package: caption3 2023/07/31 v2.4d caption3 kernel (AR)
\caption@tempdima=\dimen162
\captionmargin=\dimen163
\caption@leftmargin=\dimen164
\caption@rightmargin=\dimen165
\caption@width=\dimen166
\caption@indent=\dimen167
\caption@parindent=\dimen168
\caption@hangindent=\dimen169
Package caption Info: Standard document class detected.
)
\c@caption@flags=\count291
\c@continuedfloat=\count292
) (C:\Users\Saziz\AppData\Local\Programs\MiKTeX\tex/latex/caption\subcaption.sty
Package: subcaption 2023/07/28 v1.6b Sub-captions (AR)
Package caption Info: New subtype `subfigure' on input line 238.
\c@subfigure=\count293
Package caption Info: New subtype `subtable' on input line 238.
\c@subtable=\count294
) (C:\Users\Saziz\AppData\Local\Programs\MiKTeX\tex/latex/booktabs\booktabs.sty
Package: booktabs 2020/01/12 v1.61803398 Publication quality tables
\heavyrulewidth=\dimen170
\lightrulewidth=\dimen171
\cmidrulewidth=\dimen172
\belowrulesep=\dimen173
\belowbottomsep=\dimen174
\aboverulesep=\dimen175
\abovetopsep=\dimen176
\cmidrulesep=\dimen177
\cmidrulekern=\dimen178
\defaultaddspace=\dimen179
\@cmidla=\count295
\@cmidlb=\count296
\@aboverulesep=\dimen180
\@belowrulesep=\dimen181
\@thisruleclass=\count297
\@lastruleclass=\count298
\@thisrulewidth=\dimen182
) (C:\Users\Saziz\AppData\Local\Programs\MiKTeX\tex/latex/tools\tabularx.sty
Package: tabularx 2023/12/11 v2.12a `tabularx' package (DPC)
 (C:\Users\Saziz\AppData\Local\Programs\MiKTeX\tex/latex/tools\array.sty
Package: array 2026/02/24 v2.7b Tabular extension package (FMi)
\col@sep=\dimen183
\ar@mcellbox=\box54
\extrarowheight=\dimen184
\NC@list=\toks23
\extratabsurround=\skip52
\backup@length=\skip53
\ar@cellbox=\box55
)
\TX@col@width=\dimen185
\TX@old@table=\dimen186
\TX@old@col=\dimen187
\TX@target=\dimen188
\TX@delta=\dimen189
\TX@cols=\count299
\TX@ftn=\toks24
) (C:\Users\Saziz\AppData\Local\Programs\MiKTeX\tex/latex/multirow\multirow.sty
Package: multirow 2024/11/12 v2.9 Span multiple rows of a table
\multirow@colwidth=\skip54
\multirow@cntb=\count300
\multirow@dima=\skip55
\bigstrutjot=\dimen190
) (C:\Users\Saziz\AppData\Local\Programs\MiKTeX\tex/latex/amsmath\amsmath.sty
Package: amsmath 2026/05/19 v2.18d AMS math features
\@mathmargin=\skip56

For additional information on amsmath, use the `?' option.
(C:\Users\Saziz\AppData\Local\Programs\MiKTeX\tex/latex/amsmath\amstext.sty
Package: amstext 2024/11/17 v2.01 AMS text
 (C:\Users\Saziz\AppData\Local\Programs\MiKTeX\tex/latex/amsmath\amsgen.sty
File: amsgen.sty 1999/11/30 v2.0 generic functions
\@emptytoks=\toks25
\ex@=\dimen191
)) (C:\Users\Saziz\AppData\Local\Programs\MiKTeX\tex/latex/amsmath\amsbsy.sty
Package: amsbsy 1999/11/29 v1.2d Bold Symbols
\pmbraise@=\dimen192
) (C:\Users\Saziz\AppData\Local\Programs\MiKTeX\tex/latex/amsmath\amsopn.sty
Package: amsopn 2022/04/08 v2.04 operator names
)
\inf@bad=\count301
LaTeX Info: Redefining \frac on input line 233.
\uproot@=\count302
\leftroot@=\count303
LaTeX Info: Redefining \overline on input line 398.
LaTeX Info: Redefining \colon on input line 409.
\classnum@=\count304
\DOTSCASE@=\count305
LaTeX Info: Redefining \ldots on input line 495.
LaTeX Info: Redefining \dots on input line 498.
LaTeX Info: Redefining \cdots on input line 619.
\Mathstrutbox@=\box56
\strutbox@=\box57
LaTeX Info: Redefining \big on input line 721.
LaTeX Info: Redefining \Big on input line 722.
LaTeX Info: Redefining \bigg on input line 723.
LaTeX Info: Redefining \Bigg on input line 724.
\big@size=\dimen193
LaTeX Font Info:    Redeclaring font encoding OML on input line 742.
LaTeX Font Info:    Redeclaring font encoding OMS on input line 743.
\macc@depth=\count306
LaTeX Info: Redefining \bmod on input line 904.
LaTeX Info: Redefining \pmod on input line 909.
LaTeX Info: Redefining \smash on input line 939.
LaTeX Info: Redefining \relbar on input line 969.
LaTeX Info: Redefining \Relbar on input line 970.
\c@MaxMatrixCols=\count307
\dotsspace@=\muskip17
\c@parentequation=\count308
\dspbrk@lvl=\count309
\tag@help=\toks26
\row@=\count310
\column@=\count311
\maxfields@=\count312
\andhelp@=\toks27
\eqnshift@=\dimen194
\alignsep@=\dimen195
\tagshift@=\dimen196
\tagwidth@=\dimen197
\totwidth@=\dimen198
\lineht@=\dimen199
\@envbody=\toks28
\multlinegap=\skip57
\multlinetaggap=\skip58
\mathdisplay@stack=\toks29
LaTeX Info: Redefining \[ on input line 2965.
LaTeX Info: Redefining \] on input line 2966.
) (C:\Users\Saziz\AppData\Local\Programs\MiKTeX\tex/latex/amsfonts\amsfonts.sty
Package: amsfonts 2013/01/14 v3.01 Basic AMSFonts support
\symAMSa=\mathgroup4
\symAMSb=\mathgroup5
LaTeX Font Info:    Redeclaring math symbol \hbar on input line 98.
LaTeX Font Info:    Overwriting math alphabet `\mathfrak' in version `bold'
(Font)                  U/euf/m/n --> U/euf/b/n on input line 106.
) (C:\Users\Saziz\AppData\Local\Programs\MiKTeX\tex/latex/amsfonts\amssymb.sty
Package: amssymb 2013/01/14 v3.01 AMS font symbols
) (C:\Users\Saziz\AppData\Local\Programs\MiKTeX\tex/latex/xcolor\xcolor.sty
Package: xcolor 2024/09/29 v3.02 LaTeX color extensions (UK)
 (C:\Users\Saziz\AppData\Local\Programs\MiKTeX\tex/latex/graphics-cfg\color.cfg
File: color.cfg 2016/01/02 v1.6 sample color configuration
)
Package xcolor Info: Driver file: pdftex.def on input line 274.
 (C:\Users\Saziz\AppData\Local\Programs\MiKTeX\tex/latex/graphics\mathcolor.ltx)
Package xcolor Info: Model `cmy' substituted by `cmy0' on input line 1349.
Package xcolor Info: Model `hsb' substituted by `rgb' on input line 1353.
Package xcolor Info: Model `RGB' extended on input line 1365.
Package xcolor Info: Model `HTML' substituted by `rgb' on input line 1367.
Package xcolor Info: Model `Hsb' substituted by `hsb' on input line 1368.
Package xcolor Info: Model `tHsb' substituted by `hsb' on input line 1369.
Package xcolor Info: Model `HSB' substituted by `hsb' on input line 1370.
Package xcolor Info: Model `Gray' substituted by `gray' on input line 1371.
Package xcolor Info: Model `wave' substituted by `hsb' on input line 1372.
) (C:\Users\Saziz\AppData\Local\Programs\MiKTeX\tex/latex/hyperref\hyperref.sty
Package: hyperref 2026-06-17 v7.01r Hypertext links for LaTeX
 (C:\Users\Saziz\AppData\Local\Programs\MiKTeX\tex/latex/kvsetkeys\kvsetkeys.sty
Package: kvsetkeys 2022-10-05 v1.19 Key value parser (HO)
) (C:\Users\Saziz\AppData\Local\Programs\MiKTeX\tex/generic/kvdefinekeys\kvdefinekeys.sty
Package: kvdefinekeys 2019-12-19 v1.6 Define keys (HO)
) (C:\Users\Saziz\AppData\Local\Programs\MiKTeX\tex/generic/pdfescape\pdfescape.sty
Package: pdfescape 2019/12/09 v1.15 Implements pdfTeX's escape features (HO)
 (C:\Users\Saziz\AppData\Local\Programs\MiKTeX\tex/generic/ltxcmds\ltxcmds.sty
Package: ltxcmds 2023-12-04 v1.26 LaTeX kernel commands for general use (HO)
) (C:\Users\Saziz\AppData\Local\Programs\MiKTeX\tex/generic/pdftexcmds\pdftexcmds.sty
Package: pdftexcmds 2020-06-27 v0.33 Utility functions of pdfTeX for LuaTeX (HO)
 (C:\Users\Saziz\AppData\Local\Programs\MiKTeX\tex/generic/infwarerr\infwarerr.sty
Package: infwarerr 2019/12/03 v1.5 Providing info/warning/error messages (HO)
)
Package pdftexcmds Info: \pdf@primitive is available.
Package pdftexcmds Info: \pdf@ifprimitive is available.
Package pdftexcmds Info: \pdfdraftmode found.
)) (C:\Users\Saziz\AppData\Local\Programs\MiKTeX\tex/latex/hycolor\hycolor.sty
Package: hycolor 2020-01-27 v1.10 Color options for hyperref/bookmark (HO)
) (C:\Users\Saziz\AppData\Local\Programs\MiKTeX\tex/latex/hyperref\nameref.sty
Package: nameref 2026-01-29 v2.58 Cross-referencing by name of section
 (C:\Users\Saziz\AppData\Local\Programs\MiKTeX\tex/latex/refcount\refcount.sty
Package: refcount 2019/12/15 v3.6 Data extraction from label references (HO)
) (C:\Users\Saziz\AppData\Local\Programs\MiKTeX\tex/generic/gettitlestring\gettitlestring.sty
Package: gettitlestring 2019/12/15 v1.6 Cleanup title references (HO)
 (C:\Users\Saziz\AppData\Local\Programs\MiKTeX\tex/latex/kvoptions\kvoptions.sty
Package: kvoptions 2022-06-15 v3.15 Key value format for package options (HO)
))
\c@section@level=\count313
) (C:\Users\Saziz\AppData\Local\Programs\MiKTeX\tex/generic/stringenc\stringenc.sty
Package: stringenc 2019/11/29 v1.12 Convert strings between diff. encodings (HO)
)
\@linkdim=\dimen256
\Hy@linkcounter=\count314
\Hy@pagecounter=\count315
 (C:\Users\Saziz\AppData\Local\Programs\MiKTeX\tex/latex/hyperref\pd1enc.def
File: pd1enc.def 2026-06-17 v7.01r Hyperref: PDFDocEncoding definition (HO)
Now handling font encoding PD1 ...
... no UTF-8 mapping file for font encoding PD1
) (C:\Users\Saziz\AppData\Local\Programs\MiKTeX\tex/generic/intcalc\intcalc.sty
Package: intcalc 2019/12/15 v1.3 Expandable calculations with integers (HO)
)
\Hy@SavedSpaceFactor=\count316
 (C:\Users\Saziz\AppData\Local\Programs\MiKTeX\tex/latex/hyperref\puenc.def
File: puenc.def 2026-06-17 v7.01r Hyperref: PDF Unicode definition (HO)
Now handling font encoding PU ...
... no UTF-8 mapping file for font encoding PU
)
Package hyperref Info: Hyper figures OFF on input line 4199.
Package hyperref Info: Link nesting OFF on input line 4204.
Package hyperref Info: Hyper index ON on input line 4207.
Package hyperref Info: Plain pages OFF on input line 4214.
Package hyperref Info: Backreferencing OFF on input line 4219.
Package hyperref Info: Implicit mode ON; LaTeX internals redefined.
Package hyperref Info: Bookmarks ON on input line 4466.
\c@Hy@tempcnt=\count317
 (C:\Users\Saziz\AppData\Local\Programs\MiKTeX\tex/latex/url\url.sty
\Urlmuskip=\muskip18
Package: url 2013/09/16  ver 3.4  Verb mode for urls, etc.
)
LaTeX Info: Redefining \url on input line 4805.
\XeTeXLinkMargin=\dimen257
 (C:\Users\Saziz\AppData\Local\Programs\MiKTeX\tex/generic/bitset\bitset.sty
Package: bitset 2019/12/09 v1.3 Handle bit-vector datatype (HO)
 (C:\Users\Saziz\AppData\Local\Programs\MiKTeX\tex/generic/bigintcalc\bigintcalc.sty
Package: bigintcalc 2019/12/15 v1.5 Expandable calculations on big integers (HO)
))
\Fld@menulength=\count318
\Field@Width=\dimen258
\Fld@charsize=\dimen259
Package hyperref Info: Hyper figures OFF on input line 6091.
Package hyperref Info: Link nesting OFF on input line 6096.
Package hyperref Info: Hyper index ON on input line 6099.
Package hyperref Info: backreferencing OFF on input line 6106.
Package hyperref Info: Link coloring OFF on input line 6111.
Package hyperref Info: Link coloring with OCG OFF on input line 6116.
Package hyperref Info: PDF/A mode OFF on input line 6121.
\Hy@abspage=\count319
\c@Item=\count320
\c@Hfootnote=\count321
)
Package hyperref Info: Driver (autodetected): hpdftex.
 (C:\Users\Saziz\AppData\Local\Programs\MiKTeX\tex/latex/hyperref\hpdftex.def
File: hpdftex.def 2026-06-17 v7.01r Hyperref driver for pdfTeX
\Fld@listcount=\count322
\c@bookmark@seq@number=\count323
 (C:\Users\Saziz\AppData\Local\Programs\MiKTeX\tex/latex/rerunfilecheck\rerunfilecheck.sty
Package: rerunfilecheck 2025-06-21 v1.11 Rerun checks for auxiliary files (HO)
 (C:\Users\Saziz\AppData\Local\Programs\MiKTeX\tex/generic/uniquecounter\uniquecounter.sty
Package: uniquecounter 2019/12/15 v1.4 Provide unlimited unique counter (HO)
)
Package uniquecounter Info: New unique counter `rerunfilecheck' on input line 284.
)
\Hy@SectionHShift=\skip59
)
Package hyperref Info: Option `colorlinks' set `true' on input line 47.
 (C:\Users\Saziz\AppData\Local\Programs\MiKTeX\tex/latex/fancyhdr\fancyhdr.sty
Package: fancyhdr 2025/02/07 v5.2 Extensive control of page headers and footers
\f@nch@headwidth=\skip60
\f@nch@offset@elh=\skip61
\f@nch@offset@erh=\skip62
\f@nch@offset@olh=\skip63
\f@nch@offset@orh=\skip64
\f@nch@offset@elf=\skip65
\f@nch@offset@erf=\skip66
\f@nch@offset@olf=\skip67
\f@nch@offset@orf=\skip68
\f@nch@height=\skip69
\f@nch@footalignment=\skip70
\f@nch@widthL=\skip71
\f@nch@widthC=\skip72
\f@nch@widthR=\skip73
\@temptokenb=\toks30
) (C:\Users\Saziz\AppData\Local\Programs\MiKTeX\tex/latex/titlesec\titlesec.sty
Package: titlesec 2025/01/04 v2.17 Sectioning titles
\ttl@box=\box58
\beforetitleunit=\skip74
\aftertitleunit=\skip75
\ttl@plus=\dimen260
\ttl@minus=\dimen261
\ttl@toksa=\toks31
\titlewidth=\dimen262
\titlewidthlast=\dimen263
\titlewidthfirst=\dimen264
) (C:\Users\Saziz\AppData\Local\Programs\MiKTeX\tex/latex/biblatex\biblatex.sty
Package: biblatex 2025/07/10 v3.21 programmable bibliographies (PK/MW)
 (C:\Users\Saziz\AppData\Local\Programs\MiKTeX\tex/latex/logreq\logreq.sty
Package: logreq 2010/08/04 v1.0 xml request logger
\lrq@indent=\count324
 (C:\Users\Saziz\AppData\Local\Programs\MiKTeX\tex/latex/logreq\logreq.def
File: logreq.def 2010/08/04 v1.0 logreq spec v1.0
)) (C:\Users\Saziz\AppData\Local\Programs\MiKTeX\tex/latex/base\ifthen.sty
Package: ifthen 2024/03/16 v1.1e Standard LaTeX ifthen package (DPC)
)
\c@tabx@nest=\count325
\c@listtotal=\count326
\c@listcount=\count327
\c@liststart=\count328
\c@liststop=\count329
\c@citecount=\count330
\c@citetotal=\count331
\c@multicitecount=\count332
\c@multicitetotal=\count333
\c@instcount=\count334
\c@maxnames=\count335
\c@minnames=\count336
\c@maxitems=\count337
\c@minitems=\count338
\c@citecounter=\count339
\c@maxcitecounter=\count340
\c@savedcitecounter=\count341
\c@uniquelist=\count342
\c@uniquename=\count343
\c@refsection=\count344
\c@refsegment=\count345
\c@maxextratitle=\count346
\c@maxextratitleyear=\count347
\c@maxextraname=\count348
\c@maxextradate=\count349
\c@maxextraalpha=\count350
\c@abbrvpenalty=\count351
\c@highnamepenalty=\count352
\c@lownamepenalty=\count353
\c@maxparens=\count354
\c@parenlevel=\count355
\blx@tempcnta=\count356
\blx@tempcntb=\count357
\blx@tempcntc=\count358
\c@blx@maxsection=\count359
\blx@maxsegment@0=\count360
\blx@notetype=\count361
\blx@parenlevel@text=\count362
\blx@parenlevel@foot=\count363
\blx@sectionciteorder@0=\count364
\blx@sectionciteorderinternal@0=\count365
\blx@entrysetcounter=\count366
\blx@biblioinstance=\count367
\labelnumberwidth=\skip76
\labelalphawidth=\skip77
\biblabelsep=\skip78
\bibitemsep=\skip79
\bibnamesep=\skip80
\bibinitsep=\skip81
\bibparsep=\skip82
\bibhang=\skip83
\blx@bcfin=\read2
\blx@bcfout=\write3
\blx@langwohyphens=\language79
\c@mincomprange=\count368
\c@maxcomprange=\count369
\c@mincompwidth=\count370
Package biblatex Info: Trying to load biblatex default data model...
Package biblatex Info: ... file 'blx-dm.def' found.
 (C:\Users\Saziz\AppData\Local\Programs\MiKTeX\tex/latex/biblatex\blx-dm.def
File: blx-dm.def 2025/07/10 v3.21 biblatex datamodel (PK/MW)
)
Package biblatex Info: Trying to load biblatex style data model...
Package biblatex Info: ... file 'ieee.dbx' not found.
Package biblatex Info: Trying to load biblatex custom data model...
Package biblatex Info: ... file 'biblatex-dm.cfg' not found.
\c@afterword=\count371
\c@savedafterword=\count372
\c@annotator=\count373
\c@savedannotator=\count374
\c@author=\count375
\c@savedauthor=\count376
\c@bookauthor=\count377
\c@savedbookauthor=\count378
\c@commentator=\count379
\c@savedcommentator=\count380
\c@editor=\count381
\c@savededitor=\count382
\c@editora=\count383
\c@savededitora=\count384
\c@editorb=\count385
\c@savededitorb=\count386
\c@editorc=\count387
\c@savededitorc=\count388
\c@foreword=\count389
\c@savedforeword=\count390
\c@holder=\count391
\c@savedholder=\count392
\c@introduction=\count393
\c@savedintroduction=\count394
\c@namea=\count395
\c@savednamea=\count396
\c@nameb=\count397
\c@savednameb=\count398
\c@namec=\count399
\c@savednamec=\count400
\c@translator=\count401
\c@savedtranslator=\count402
\c@shortauthor=\count403
\c@savedshortauthor=\count404
\c@shorteditor=\count405
\c@savedshorteditor=\count406
\c@labelname=\count407
\c@savedlabelname=\count408
\c@institution=\count409
\c@savedinstitution=\count410
\c@lista=\count411
\c@savedlista=\count412
\c@listb=\count413
\c@savedlistb=\count414
\c@listc=\count415
\c@savedlistc=\count416
\c@listd=\count417
\c@savedlistd=\count418
\c@liste=\count419
\c@savedliste=\count420
\c@listf=\count421
\c@savedlistf=\count422
\c@location=\count423
\c@savedlocation=\count424
\c@organization=\count425
\c@savedorganization=\count426
\c@origlocation=\count427
\c@savedoriglocation=\count428
\c@origpublisher=\count429
\c@savedorigpublisher=\count430
\c@publisher=\count431
\c@savedpublisher=\count432
\c@language=\count433
\c@savedlanguage=\count434
\c@origlanguage=\count435
\c@savedoriglanguage=\count436
\c@pageref=\count437
\c@savedpageref=\count438
\shorthandwidth=\skip84
\shortjournalwidth=\skip85
\shortserieswidth=\skip86
\shorttitlewidth=\skip87
\shortauthorwidth=\skip88
\shorteditorwidth=\skip89
\locallabelnumberwidth=\skip90
\locallabelalphawidth=\skip91
\localshorthandwidth=\skip92
\localshortjournalwidth=\skip93
\localshortserieswidth=\skip94
\localshorttitlewidth=\skip95
\localshortauthorwidth=\skip96
\localshorteditorwidth=\skip97
Package biblatex Info: Trying to load compatibility code...
Package biblatex Info: ... file 'blx-compat.def' found.
 (C:\Users\Saziz\AppData\Local\Programs\MiKTeX\tex/latex/biblatex\blx-compat.def
File: blx-compat.def 2025/07/10 v3.21 biblatex compatibility (PK/MW)
)
Package biblatex Info: Trying to load generic definitions...
Package biblatex Info: ... file 'biblatex.def' found.
 (C:\Users\Saziz\AppData\Local\Programs\MiKTeX\tex/latex/biblatex\biblatex.def
File: biblatex.def 2025/07/10 v3.21 biblatex compatibility (PK/MW)
\c@textcitecount=\count439
\c@textcitetotal=\count440
\c@textcitemaxnames=\count441
\c@biburlbigbreakpenalty=\count442
\c@biburlbreakpenalty=\count443
\c@biburlnumpenalty=\count444
\c@biburlucpenalty=\count445
\c@biburllcpenalty=\count446
\biburlbigskip=\muskip19
\biburlnumskip=\muskip20
\biburlucskip=\muskip21
\biburllcskip=\muskip22
\c@smartand=\count447
)
Package biblatex Info: Trying to load bibliography style 'ieee'...
Package biblatex Info: ... file 'ieee.bbx' found.
 (C:\Users\Saziz\AppData\Local\Programs\MiKTeX\tex/latex/biblatex-ieee\ieee.bbx
File: ieee.bbx 2025-08-01 v1.4f biblatex bibliography style
Package biblatex Info: Trying to load bibliography style 'numeric-comp'...
Package biblatex Info: ... file 'numeric-comp.bbx' found.
 (C:\Users\Saziz\AppData\Local\Programs\MiKTeX\tex/latex/biblatex/bbx\numeric-comp.bbx
File: numeric-comp.bbx 2025/07/10 v3.21 biblatex bibliography style (PK/MW)
Package biblatex Info: Trying to load bibliography style 'numeric'...
Package biblatex Info: ... file 'numeric.bbx' found.
 (C:\Users\Saziz\AppData\Local\Programs\MiKTeX\tex/latex/biblatex/bbx\numeric.bbx
File: numeric.bbx 2025/07/10 v3.21 biblatex bibliography style (PK/MW)
Package biblatex Info: Trying to load bibliography style 'standard'...
Package biblatex Info: ... file 'standard.bbx' found.
 (C:\Users\Saziz\AppData\Local\Programs\MiKTeX\tex/latex/biblatex/bbx\standard.bbx
File: standard.bbx 2025/07/10 v3.21 biblatex bibliography style (PK/MW)
\c@bbx:relatedcount=\count448
\c@bbx:relatedtotal=\count449
))))
Package biblatex Info: Trying to load citation style 'ieee'...
Package biblatex Info: ... file 'ieee.cbx' found.
 (C:\Users\Saziz\AppData\Local\Programs\MiKTeX\tex/latex/biblatex-ieee\ieee.cbx
File: ieee.cbx 2025-08-01 v1.4f biblatex citation style
Package biblatex Info: Trying to load citation style 'numeric-verb'...
Package biblatex Info: ... file 'numeric-verb.cbx' found.
 (C:\Users\Saziz\AppData\Local\Programs\MiKTeX\tex/latex/biblatex/cbx\numeric-verb.cbx
File: numeric-verb.cbx 2025/07/10 v3.21 biblatex citation style (PK/MW)
Package biblatex Info: Redefining '\cite'.
Package biblatex Info: Redefining '\parencite'.
Package biblatex Info: Redefining '\footcite'.
Package biblatex Info: Redefining '\footcitetext'.
Package biblatex Info: Redefining '\smartcite'.
Package biblatex Info: Redefining '\textcite'.
Package biblatex Info: Redefining '\supercite'.
Package biblatex Info: Redefining '\parencites'.
Package biblatex Info: Redefining '\smartcites'.
Package biblatex Info: Redefining '\textcites'.
))
Package biblatex Info: Trying to load configuration file...
Package biblatex Info: ... file 'biblatex.cfg' found.
 (C:\Users\Saziz\AppData\Local\Programs\MiKTeX\tex/latex/biblatex\biblatex.cfg
File: biblatex.cfg 
)
Package biblatex Info: Input encoding 'utf8' detected.
Package biblatex Info: Document encoding is UTF8 ....
 (C:\Users\Saziz\AppData\Local\Programs\MiKTeX\tex/latex/l3kernel\expl3.sty
Package: expl3 2026-07-20 L3 programming layer (loader) 
 (C:\Users\Saziz\AppData\Local\Programs\MiKTeX\tex/latex/l3backend\l3backend-pdftex.def
File: l3backend-pdftex.def 2026-07-20 L3 backend support: PDF output (pdfTeX)
\l__color_backend_stack_int=\count450
))
Package biblatex Info: ... and expl3
(biblatex)             2026-07-20 L3 programming layer (loader) 
(biblatex)             is new enough (at least 2020/04/06),
(biblatex)             setting 'casechanger=expl3'.
 (C:\Users\Saziz\AppData\Local\Programs\MiKTeX\tex/latex/biblatex\blx-case-expl3.sty (C:\Users\Saziz\AppData\Local\Programs\MiKTeX\tex/latex/l3packages/xparse\xparse.sty
Package: xparse 2025-10-09 L3 Experimental document command parser
)
Package: blx-case-expl3 2025/07/10 v3.21 expl3 case changing code for biblatex
)) (C:\Users\Saziz\AppData\Local\Programs\MiKTeX\tex/latex/listings\listings.sty
\lst@mode=\count451
\lst@gtempboxa=\box59
\lst@token=\toks32
\lst@length=\count452
\lst@currlwidth=\dimen265
\lst@column=\count453
\lst@pos=\count454
\lst@lostspace=\dimen266
\lst@width=\dimen267
\lst@newlines=\count455
\lst@lineno=\count456
\lst@maxwidth=\dimen268
 (C:\Users\Saziz\AppData\Local\Programs\MiKTeX\tex/latex/listings\lstpatch.sty
File: lstpatch.sty 2025/11/14 1.11b (Carsten Heinz)
) (C:\Users\Saziz\AppData\Local\Programs\MiKTeX\tex/latex/listings\lstmisc.sty
File: lstmisc.sty 2025/11/14 1.11b (Carsten Heinz)
\c@lstnumber=\count457
\lst@skipnumbers=\count458
\lst@framebox=\box60
) (C:\Users\Saziz\AppData\Local\Programs\MiKTeX\tex/latex/listings\listings.cfg
File: listings.cfg 2025/11/14 1.11b listings configuration
))
Package: listings 2025/11/14 1.11b (Carsten Heinz)
\@quotelevel=\count459
\@quotereset=\count460
LaTeX Font Info:    Trying to load font information for T1+lmr on input line 112.
 (C:\Users\Saziz\AppData\Local\Programs\MiKTeX\tex/latex/lm\t1lmr.fd
File: t1lmr.fd 2015/05/01 v1.6.1 Font defs for Latin Modern
) (main.aux)
\openout1 = `main.aux'.

LaTeX Font Info:    Checking defaults for OML/cmm/m/it on input line 112.
LaTeX Font Info:    ... okay on input line 112.
LaTeX Font Info:    Checking defaults for OMS/cmsy/m/n on input line 112.
LaTeX Font Info:    ... okay on input line 112.
LaTeX Font Info:    Checking defaults for OT1/cmr/m/n on input line 112.
LaTeX Font Info:    ... okay on input line 112.
LaTeX Font Info:    Checking defaults for T1/cmr/m/n on input line 112.
LaTeX Font Info:    ... okay on input line 112.
LaTeX Font Info:    Checking defaults for TS1/cmr/m/n on input line 112.
LaTeX Font Info:    ... okay on input line 112.
LaTeX Font Info:    Checking defaults for OMX/cmex/m/n on input line 112.
LaTeX Font Info:    ... okay on input line 112.
LaTeX Font Info:    Checking defaults for U/cmr/m/n on input line 112.
LaTeX Font Info:    ... okay on input line 112.
LaTeX Font Info:    Checking defaults for PD1/pdf/m/n on input line 112.
LaTeX Font Info:    ... okay on input line 112.
LaTeX Font Info:    Checking defaults for PU/pdf/m/n on input line 112.
LaTeX Font Info:    ... okay on input line 112.

*geometry* driver: auto-detecting
*geometry* detected driver: pdftex
*geometry* verbose mode - [ preamble ] result:
* driver: pdftex
* paper: a4paper
* layout: <same size as paper>
* layoutoffset:(h,v)=(0.0pt,0.0pt)
* modes: 
* h-part:(L,W,R)=(72.26999pt, 452.9679pt, 72.26999pt)
* v-part:(T,H,B)=(72.26999pt, 700.50687pt, 72.26999pt)
* \paperwidth=597.50787pt
* \paperheight=845.04684pt
* \textwidth=452.9679pt
* \textheight=700.50687pt
* \oddsidemargin=0.0pt
* \evensidemargin=0.0pt
* \topmargin=-37.0pt
* \headheight=12.0pt
* \headsep=25.0pt
* \topskip=11.0pt
* \footskip=30.0pt
* \marginparwidth=50.0pt
* \marginparsep=10.0pt
* \columnsep=10.0pt
* \skip\footins=10.0pt plus 4.0pt minus 2.0pt
* \hoffset=0.0pt
* \voffset=0.0pt
* \mag=1000
* \@twocolumnfalse
* \@twosidefalse
* \@mparswitchfalse
* \@reversemarginfalse
* (1in=72.27pt=25.4mm, 1cm=28.453pt)

LaTeX Info: Redefining \microtypecontext on input line 112.
Package microtype Info: Applying patch `item' on input line 112.
Package microtype Info: Applying patch `toc' on input line 112.
Package microtype Info: Applying patch `eqnum' on input line 112.
Package microtype Info: Applying patch `footnote' on input line 112.
Package microtype Info: Applying patch `verbatim' on input line 112.
LaTeX Info: Redefining \microtypesetup on input line 112.
Package microtype Info: Generating PDF output.
Package microtype Info: Character protrusion enabled (level 2).
Package microtype Info: Using default protrusion set `alltext'.
Package microtype Info: Automatic font expansion enabled (level 2),
(microtype)             stretch: 20, shrink: 20, step: 1, non-selected.
Package microtype Info: Using default expansion set `alltext-nott'.
Package microtype Info: Patching command `\showhyphens'.
Package microtype Info: No adjustment of tracking.
Package microtype Info: No adjustment of interword spacing.
Package microtype Info: No adjustment of character kerning.
(C:\Users\Saziz\AppData\Local\Programs\MiKTeX\tex/latex/microtype\mt-cmr.cfg
File: mt-cmr.cfg 2013/05/19 v2.2 microtype config. file: Computer Modern Roman (RS)
) (C:\Users\Saziz\AppData\Local\Programs\MiKTeX\tex/context/base/mkii\supp-pdf.mkii
[Loading MPS to PDF converter (version 2006.09.02).]
\scratchcounter=\count461
\scratchdimen=\dimen269
\scratchbox=\box61
\nofMPsegments=\count462
\nofMParguments=\count463
\everyMPshowfont=\toks33
\MPscratchCnt=\count464
\MPscratchDim=\dimen270
\MPnumerator=\count465
\makeMPintoPDFobject=\count466
\everyMPtoPDFconversion=\toks34
) (C:\Users\Saziz\AppData\Local\Programs\MiKTeX\tex/latex/epstopdf-pkg\epstopdf-base.sty
Package: epstopdf-base 2020-01-24 v2.11 Base part for package epstopdf
Package epstopdf-base Info: Redefining graphics rule for `.eps' on input line 485.
 (C:\Users\Saziz\AppData\Local\Programs\MiKTeX\tex/latex/00miktex\epstopdf-sys.cfg
File: epstopdf-sys.cfg 2021/03/18 v2.0 Configuration of epstopdf for MiKTeX
))
Package caption Info: Begin \AtBeginDocument code.
Package caption Info: hyperref package is loaded.
Package caption Info: listings package is loaded.
Package caption Info: End \AtBeginDocument code.
Package hyperref Info: Link coloring ON on input line 112.
\@outlinefile=\write4
\openout4 = `main.out'.

Package biblatex Info: Trying to load language 'english'...
Package biblatex Info: ... file 'english.lbx' found.
 (C:\Users\Saziz\AppData\Local\Programs\MiKTeX\tex/latex/biblatex/lbx\english.lbx
File: english.lbx 2025/07/10 v3.21 biblatex localization (PK/MW)
)
Package biblatex Info: Input encoding 'utf8' detected.
Package biblatex Info: Automatic encoding selection.
(biblatex)             Assuming data encoding 'utf8'.
\openout3 = `main.bcf'.

Package biblatex Info: Trying to load bibliographic data...
Package biblatex Info: ... file 'main.bbl' found.
 (main.bbl)
Package biblatex Info: Reference section=0 on input line 112.
Package biblatex Info: Reference segment=0 on input line 112.
\c@lstlisting=\count467
 [1

{C:/Users/Saziz/AppData/Local/MiKTeX/fonts/map/pdftex/pdftex.map}{C:/Users/Saziz/AppData/Local/Programs/MiKTeX/fonts/enc/dvips/lm/lm-ec.enc}]
\openout2 = `sections/00_executive_summary.aux'.

 (sections/00_executive_summary.tex
LaTeX Font Info:    Trying to load font information for TS1+lmr on input line 10.
 (C:\Users\Saziz\AppData\Local\Programs\MiKTeX\tex/latex/lm\ts1lmr.fd
File: ts1lmr.fd 2015/05/01 v1.6.1 Font defs for Latin Modern
)
LaTeX Font Info:    Trying to load font information for OT1+lmr on input line 10.
 (C:\Users\Saziz\AppData\Local\Programs\MiKTeX\tex/latex/lm\ot1lmr.fd
File: ot1lmr.fd 2015/05/01 v1.6.1 Font defs for Latin Modern
)
LaTeX Font Info:    Trying to load font information for OML+lmm on input line 10.
 (C:\Users\Saziz\AppData\Local\Programs\MiKTeX\tex/latex/lm\omllmm.fd
File: omllmm.fd 2015/05/01 v1.6.1 Font defs for Latin Modern
)
LaTeX Font Info:    Trying to load font information for OMS+lmsy on input line 10.
 (C:\Users\Saziz\AppData\Local\Programs\MiKTeX\tex/latex/lm\omslmsy.fd
File: omslmsy.fd 2015/05/01 v1.6.1 Font defs for Latin Modern
)
LaTeX Font Info:    Trying to load font information for OMX+lmex on input line 10.
 (C:\Users\Saziz\AppData\Local\Programs\MiKTeX\tex/latex/lm\omxlmex.fd
File: omxlmex.fd 2015/05/01 v1.6.1 Font defs for Latin Modern
)
LaTeX Font Info:    External font `lmex10' loaded for size
(Font)              <10.95> on input line 10.
LaTeX Font Info:    External font `lmex10' loaded for size
(Font)              <8> on input line 10.
LaTeX Font Info:    External font `lmex10' loaded for size
(Font)              <6> on input line 10.
LaTeX Font Info:    Trying to load font information for U+msa on input line 10.
 (C:\Users\Saziz\AppData\Local\Programs\MiKTeX\tex/latex/amsfonts\umsa.fd
File: umsa.fd 2013/01/14 v3.01 AMS symbols A
) (C:\Users\Saziz\AppData\Local\Programs\MiKTeX\tex/latex/microtype\mt-msa.cfg
File: mt-msa.cfg 2006/02/04 v1.1 microtype config. file: AMS symbols (a) (RS)
)
LaTeX Font Info:    Trying to load font information for U+msb on input line 10.
 (C:\Users\Saziz\AppData\Local\Programs\MiKTeX\tex/latex/amsfonts\umsb.fd
File: umsb.fd 2013/01/14 v3.01 AMS symbols B
) (C:\Users\Saziz\AppData\Local\Programs\MiKTeX\tex/latex/microtype\mt-msb.cfg
File: mt-msb.cfg 2005/06/01 v1.0 microtype config. file: AMS symbols (b) (RS)
) [1


{C:/Users/Saziz/AppData/Local/Programs/MiKTeX/fonts/enc/dvips/lm/lm-ts1.enc}{C:/Users/Saziz/AppData/Local/Programs/MiKTeX/fonts/enc/dvips/lm/lm-mathit.enc}{C:/Users/Saziz/AppData/Local/Programs/MiKTeX/fonts/enc/dvips/lm/lm-rm.enc}]) [2]
No file main.toc.
\tf@toc=\write5
\openout5 = `main.toc'.

[3



]
No file main.lof.
\tf@lof=\write6
\openout6 = `main.lof'.

[4

]
No file main.lot.
\tf@lot=\write7
\openout7 = `main.lot'.

[5

]
\openout2 = `sections/01_introduction.aux'.

 (sections/01_introduction.tex
Chapter 1.

pdfTeX warning (ext4): destination with the same identifier (name{page.1}) has been already used, duplicate ignored
<to be read again> 
                   \relax 
l.19 \end{itemize}
                   [1


] [2]

LaTeX Warning: Reference `chap:background' on page 3 undefined on input line 62.

[3]

LaTeX Warning: Reference `chap:methodology' on page 4 undefined on input line 63.


LaTeX Warning: Reference `chap:results' on page 4 undefined on input line 64.


LaTeX Warning: Reference `chap:discussion' on page 4 undefined on input line 65.


LaTeX Warning: Reference `chap:conclusion' on page 4 undefined on input line 66.

) [4]
\openout2 = `sections/02_background.aux'.

 (sections/02_background.tex
Chapter 2.
[5




{C:/Users/Saziz/AppData/Local/Programs/MiKTeX/fonts/enc/dvips/lm/lm-mathsy.enc}{C:/Users/Saziz/AppData/Local/Programs/MiKTeX/fonts/enc/dvips/lm/lm-mathex.enc}]

LaTeX Warning: Reference `eq:log_distance_path_loss' on page 6 undefined on input line 54.


LaTeX Warning: Reference `eq:trilateration_circle' on page 6 undefined on input line 67.

[6]
Overfull \hbox (3.22095pt too wide) in paragraph at lines 129--130
[]\T1/lmr/bx/n/10.95 (-20) Signal Strength ($\OML/lmm/m/it/10.95 ^^V[]$\T1/lmr/bx/n/10.95 (-20) ): \T1/lmr/m/n/10.95 (-20) Par-ti-tioned into fuzzy sets $\OMS/lmsy/m/n/10.95 f[]\OML/lmm/m/it/10.95 ; []; []; []\OMS/lmsy/m/n/10.95 g$\T1/lmr/m/n/10.95 (-20) . 
 []

[7] [8]

LaTeX Warning: Reference `tab:competitive_benchmark' on page 9 undefined on input line 166.


Underfull \hbox (badness 10000) in paragraph at lines 185--185
[]|\T1/lmr/bx/n/10.95 (+20) Micromax
 []


Underfull \hbox (badness 10000) in paragraph at lines 185--185
[]|\T1/lmr/bx/n/10.95 (+20) Blackline
 []


Underfull \hbox (badness 10000) in paragraph at lines 185--185
[]|\T1/lmr/bx/n/10.95 (+20) SoloProtect
 []


Underfull \hbox (badness 10000) in paragraph at lines 185--185
[]|\T1/lmr/m/n/10.95 (+20) One-off
 []


Underfull \hbox (badness 10000) in paragraph at lines 185--185
\T1/lmr/m/n/10.95 (+20) CAPEX
 []


Underfull \hbox (badness 10000) in paragraph at lines 185--185
\T1/lmr/m/n/10.95 (+20) tion ($30--
 []


Underfull \hbox (badness 10000) in paragraph at lines 185--185
\T1/lmr/m/n/10.95 (+20) tion ($25--
 []


Underfull \hbox (badness 10000) in paragraph at lines 185--185
[]|\T1/lmr/m/n/10.95 (+20) Enterprise
 []


Underfull \hbox (badness 10000) in paragraph at lines 185--185
[]|\T1/lmr/m/n/10.95 (+20) LoRaWAN
 []


Underfull \hbox (badness 10000) in paragraph at lines 185--185
[]|\T1/lmr/m/n/10.95 (+20) Cellular (4G
 []


Underfull \hbox (badness 10000) in paragraph at lines 185--185
[]|\T1/lmr/m/n/10.95 (+20) Cellular +
 []


Underfull \hbox (badness 10000) in paragraph at lines 185--185
[]|\T1/lmr/m/n/10.95 (+20) IEEE 802.11
 []


Underfull \hbox (badness 10000) in paragraph at lines 185--185
[]|\T1/lmr/m/n/10.95 (+20) Local BLE
 []


Underfull \hbox (badness 10000) in paragraph at lines 185--185
[]|\T1/lmr/m/n/10.95 (+20) Proprietary
 []


Underfull \hbox (badness 10000) in paragraph at lines 185--185
[]|\T1/lmr/m/n/10.95 (+20) 3-Axis Ac-
 []


Underfull \hbox (badness 10000) in paragraph at lines 185--185
[]|\T1/lmr/m/n/10.95 (+20) Accelerometer
 []


Underfull \hbox (badness 4096) in paragraph at lines 185--185
[]|\T1/lmr/m/n/10.95 (+20) IMU + Bio-
 []


Underfull \hbox (badness 10000) in paragraph at lines 185--185
[]|\T1/lmr/m/n/10.95 (+20) Direct dry-
 []


Underfull \hbox (badness 10000) in paragraph at lines 185--185
[]|\T1/lmr/m/n/10.95 (+20) Cloud API
 []


Underfull \hbox (badness 10000) in paragraph at lines 185--185
[]|\T1/lmr/m/n/10.95 (+20) Cloud API
 []


Underfull \hbox (badness 10000) in paragraph at lines 185--185
[]|\T1/lmr/m/n/10.95 (+20) On-premises
 []


Underfull \hbox (badness 2302) in paragraph at lines 185--185
[]|\T1/lmr/m/n/10.95 (+20) Cloud hosted
 []


Underfull \hbox (badness 2302) in paragraph at lines 185--185
[]|\T1/lmr/m/n/10.95 (+20) Cloud hosted
 []


Underfull \hbox (badness 3118) in paragraph at lines 185--185
[]|\T1/lmr/m/n/10.95 (+20) Cloud / Hy-
 []


Underfull \hbox (badness 10000) in paragraph at lines 185--185
[]|\T1/lmr/m/n/10.95 (+20) Manual log
 []


Underfull \hbox (badness 10000) in paragraph at lines 185--185
[]|\T1/lmr/m/n/10.95 (+20) Specialized
 []


LaTeX Warning: Reference `tab:competitive_benchmark' on page 9 undefined on input line 188.

) [9]
\openout2 = `sections/03_methodology.aux'.

 (sections/03_methodology.tex
Chapter 3.

Overfull \hbox (14.69685pt too wide) in paragraph at lines 1--1
|[]\T1/lmr/bx/n/20.74 (-20) System Ar-chi-tec-ture & En-gi-neer-ing Method-
 []

[10




]

LaTeX Warning: Reference `tab:system_specs' on page 11 undefined on input line 34.


Underfull \hbox (badness 2119) in paragraph at lines 57--57
[]|\T1/lmr/bx/n/10.95 (+20) Technical Spec-i-fi-ca-
 []


Underfull \hbox (badness 10000) in paragraph at lines 57--57
[]|\T1/lmr/m/n/10.95 (+20) Semtech
 []


Underfull \hbox (badness 10000) in paragraph at lines 57--57
\T1/lmr/m/n/10.95 (+20) SX1302/SX1303 8-
 []


Underfull \hbox (badness 5231) in paragraph at lines 57--57
[]|\T1/lmr/m/n/10.95 (+20) Power over Eth-er-net
 []


Underfull \hbox (badness 1102) in paragraph at lines 57--57
[]|\T1/lmr/m/n/10.95 (+20) Waveshare Pi 5 UPS
 []

[11] [12]
LaTeX Font Info:    Trying to load font information for T1+lmtt on input line 72.
 (C:\Users\Saziz\AppData\Local\Programs\MiKTeX\tex/latex/lm\t1lmtt.fd
File: t1lmtt.fd 2015/05/01 v1.6.1 Font defs for Latin Modern
)
Package microtype Info: Loading generic protrusion settings for font family
(microtype)             `lmtt' (encoding: T1).
(microtype)             For optimal results, create family-specific settings.
(microtype)             See the microtype manual for details.


LaTeX Warning: Reference `eq:avm' on page 13 undefined on input line 78.


LaTeX Warning: Reference `tab:lora_payload' on page 13 undefined on input line 85.

[13]
LaTeX Font Info:    Font shape `T1/lmtt/bx/n' in size <10.95> not available
(Font)              Font shape `T1/lmtt/b/n' tried instead on input line 122.
 [14]
Overfull \hbox (7.22539pt too wide) in paragraph at lines 131--132
[]\T1/lmtt/m/n/10.95 staff\T1/lmr/m/n/10.95 (-20) : Stores \T1/lmtt/m/n/10.95 staff_id \T1/lmr/m/n/10.95 (-20) (PRI-MARY KEY), \T1/lmtt/m/n/10.95 full_name\T1/lmr/m/n/10.95 (-20) , \T1/lmtt/m/n/10.95 email\T1/lmr/m/n/10.95 (-20) , \T1/lmtt/m/n/10.95 phone_number\T1/lmr/m/n/10.95 (-20) , \T1/lmtt/m/n/10.95 department\T1/lmr/m/n/10.95 (-20) ,
 []


Overfull \hbox (57.5965pt too wide) in paragraph at lines 132--133
[]\T1/lmtt/m/n/10.95 devices\T1/lmr/m/n/10.95 (-20) : Stores \T1/lmtt/m/n/10.95 device_id \T1/lmr/m/n/10.95 (-20) (PRI-MARY KEY), \T1/lmtt/m/n/10.95 lora_deveui\T1/lmr/m/n/10.95 (-20) , \T1/lmtt/m/n/10.95 ble_mac_address\T1/lmr/m/n/10.95 (-20) , \T1/lmtt/m/n/10.95 assigned_staff_id
 []

[15]) [16]
\openout2 = `sections/04_results_analysis.aux'.

 (sections/04_results_analysis.tex
Chapter 4.

LaTeX Warning: Reference `tab:fall_calibration' on page 17 undefined on input line 7.


Overfull \hbox (67.8128pt too wide) in alignment at lines 29--29
[][][][][][][][][][][] 
 []


LaTeX Warning: Reference `tab:fall_calibration' on page 17 undefined on input line 32.

[17




]

LaTeX Warning: Reference `tab:gateway_rssi_comparison' on page 18 undefined on input line 48.


Overfull \hbox (189.31114pt too wide) in alignment at lines 67--67
[][][][] 
 []


LaTeX Warning: Reference `tab:gateway_rssi_comparison' on page 18 undefined on input line 70.


LaTeX Warning: Reference `tab:positioning_performance' on page 18 undefined on input line 73.


Package tabularx Warning: X Columns too narrow (table too wide)
(tabularx)                 on input line 88.


Overfull \hbox (69.60646pt too wide) in paragraph at lines 88--88
[]|\T1/lmr/bx/n/10.95 (-20) Computational
 []


Overfull \hbox (16.42757pt too wide) in paragraph at lines 88--88
\T1/lmr/bx/n/10.95 (-20) Com-
 []


Overfull \hbox (13.51411pt too wide) in paragraph at lines 88--88
\T1/lmr/bx/n/10.95 (-20) plex-
 []


Overfull \hbox (2.97438pt too wide) in paragraph at lines 88--88
\T1/lmr/bx/n/10.95 (-20) ity
 []


Underfull \hbox (badness 10000) in paragraph at lines 88--88
\T1/lmr/bx/n/10.95 (+20) /
 []


Overfull \hbox (8.71416pt too wide) in paragraph at lines 88--88
\T1/lmr/bx/n/10.95 (-20) Sta-
 []


Overfull \hbox (4.77264pt too wide) in paragraph at lines 88--88
\T1/lmr/bx/n/10.95 (-20) bil-
 []


Overfull \hbox (3.44946pt too wide) in paragraph at lines 88--88
\T1/lmr/bx/n/10.95 (-20) ity| 
 []


Overfull \hbox (11.40614pt too wide) in paragraph at lines 88--88
[]|\T1/lmr/m/n/10.95 (-20) High
 []


Overfull \hbox (0.93324pt too wide) in paragraph at lines 88--88
\T1/lmr/m/n/10.95 (-20) co-
 []


Underfull \hbox (badness 10000) in paragraph at lines 88--88
\T1/lmr/m/n/10.95 di-
 []


Overfull \hbox (9.31976pt too wide) in paragraph at lines 88--88
\T1/lmr/m/n/10.95 (-20) nate
 []


Overfull \hbox (1.2313pt too wide) in paragraph at lines 88--88
\T1/lmr/m/n/10.95 (-20) jit-
 []


Overfull \hbox (3.6544pt too wide) in paragraph at lines 88--88
\T1/lmr/m/n/10.95 (-20) ter;
 []


Underfull \hbox (badness 10000) in paragraph at lines 88--88
\T1/lmr/m/n/10.95 ill-
 []


Overfull \hbox (43.30104pt too wide) in paragraph at lines 88--88
\T1/lmr/m/n/10.95 (-20) conditioned
 []


Underfull \hbox (badness 10000) in paragraph at lines 88--88
\T1/lmr/m/n/10.95 (+20) in
 []


Overfull \hbox (8.3787pt too wide) in paragraph at lines 88--88
\T1/lmr/m/n/10.95 (-20) mul-
 []


Underfull \hbox (badness 10000) in paragraph at lines 88--88
\T1/lmr/m/n/10.95 (+20) ti-
 []


Overfull \hbox (13.49277pt too wide) in paragraph at lines 88--88
\T1/lmr/m/n/10.95 (-20) path.| 
 []


Overfull \hbox (25.12375pt too wide) in paragraph at lines 88--88
[]|\T1/lmr/m/n/10.95 (-20) Smooth
 []


Overfull \hbox (4.5401pt too wide) in paragraph at lines 88--88
\T1/lmr/m/n/10.95 (-20) tra-
 []


Overfull \hbox (3.616pt too wide) in paragraph at lines 88--88
\T1/lmr/m/n/10.95 (-20) jec-
 []


Overfull \hbox (9.91432pt too wide) in paragraph at lines 88--88
\T1/lmr/m/n/10.95 (-20) tory;
 []


Overfull \hbox (14.74481pt too wide) in paragraph at lines 88--88
\T1/lmr/m/n/10.95 (-20) duces
 []


Overfull \hbox (10.5017pt too wide) in paragraph at lines 88--88
\T1/lmr/m/n/10.95 (-20) tran-
 []


Overfull \hbox (10.56807pt too wide) in paragraph at lines 88--88
\T1/lmr/m/n/10.95 (-20) sient
 []


Overfull \hbox (12.36012pt too wide) in paragraph at lines 88--88
\T1/lmr/m/n/10.95 (-20) noise
 []


Overfull \hbox (19.5679pt too wide) in paragraph at lines 88--88
\T1/lmr/m/n/10.95 (-20) spikes.| 
 []


Overfull \hbox (19.72092pt too wide) in paragraph at lines 88--88
[]|\T1/lmr/m/n/10.95 (-20) Stable,
 []


Overfull \hbox (29.29703pt too wide) in paragraph at lines 88--88
\T1/lmr/m/n/10.95 (-20) bounded
 []


Underfull \hbox (badness 10000) in paragraph at lines 88--88
\T1/lmr/m/n/10.95 in-
 []


Overfull \hbox (6.99463pt too wide) in paragraph at lines 88--88
\T1/lmr/m/n/10.95 (-20) side
 []


Overfull \hbox (6.89484pt too wide) in paragraph at lines 88--88
\T1/lmr/m/n/10.95 (-20) con-
 []


Overfull \hbox (4.27345pt too wide) in paragraph at lines 88--88
\T1/lmr/m/n/10.95 (-20) vex
 []


Overfull \hbox (6.63062pt too wide) in paragraph at lines 88--88
\T1/lmr/m/n/10.95 (-20) hull
 []


Underfull \hbox (badness 10000) in paragraph at lines 88--88
\T1/lmr/m/n/10.95 (+20) of
 []


Overfull \hbox (10.47202pt too wide) in paragraph at lines 88--88
\T1/lmr/m/n/10.95 (-20) gate-
 []


Overfull \hbox (14.04031pt too wide) in paragraph at lines 88--88
\T1/lmr/m/n/10.95 (-20) ways.| 
 []


Overfull \hbox (19.64561pt too wide) in paragraph at lines 88--88
[]|\T1/lmr/m/n/10.95 (-20) Highly
 []


Overfull \hbox (10.83806pt too wide) in paragraph at lines 88--88
\T1/lmr/m/n/10.95 (-20) bust;
 []


Overfull \hbox (10.47148pt too wide) in paragraph at lines 88--88
\T1/lmr/m/n/10.95 (-20) elim-
 []


Underfull \hbox (badness 10000) in paragraph at lines 88--88
\T1/lmr/m/n/10.95 (+20) i-
 []


Overfull \hbox (13.5526pt too wide) in paragraph at lines 88--88
\T1/lmr/m/n/10.95 (-20) nates
 []


Overfull \hbox (0.93324pt too wide) in paragraph at lines 88--88
\T1/lmr/m/n/10.95 (-20) co-
 []


Underfull \hbox (badness 10000) in paragraph at lines 88--88
\T1/lmr/m/n/10.95 di-
 []


Overfull \hbox (9.31976pt too wide) in paragraph at lines 88--88
\T1/lmr/m/n/10.95 (-20) nate
 []


Overfull \hbox (14.94252pt too wide) in paragraph at lines 88--88
\T1/lmr/m/n/10.95 (-20) jump-
 []


Overfull \hbox (6.3387pt too wide) in paragraph at lines 88--88
\T1/lmr/m/n/10.95 (-20) ing.| 
 []


Overfull \hbox (66.34389pt too wide) in alignment at lines 88--88
[][][][] 
 []


LaTeX Warning: Float too large for page by 56.0779pt on input line 89.

[18] [19] (C:\Users\Saziz\AppData\Local\Programs\MiKTeX\tex/latex/listings\lstlang1.sty
File: lstlang1.sty 2025/11/14 1.11b listings language file
) (C:\Users\Saziz\AppData\Local\Programs\MiKTeX\tex/latex/listings\lstlang1.sty
File: lstlang1.sty 2025/11/14 1.11b listings language file
) [20]

LaTeX Warning: Reference `tab:procurement_bom' on page 21 undefined on input line 129.


Overfull \hbox (116.76118pt too wide) in alignment at lines 155--155
[][][][][] 
 []

) [21]
\openout2 = `sections/05_discussion.aux'.

 (sections/05_discussion.tex
Chapter 5.

LaTeX Warning: Reference `chap:results' on page 22 undefined on input line 7.


LaTeX Warning: Reference `sec:gateway_rssi_comparison' on page 22 undefined on input line 12.

[22




]
Overfull \hbox (5.19669pt too wide) in paragraph at lines 37--38
[]\T1/lmr/m/n/10.95 (-20) Integrate the RP2040 mi-cro-con-troller di-rectly along-side the Semtech SX1262 transceiver,
 []

[23]) [24]
\openout2 = `sections/06_conclusion.aux'.

 (sections/06_conclusion.tex
Chapter 6.
sections/06_conclusion.tex:13: Misplaced alignment tab character &.
<argument> Centralized Edge Processing &
                                         Automated Multi-Channel Dispatch:
l.13 ...ssing & Automated Multi-Channel Dispatch:}
                                                   Built an on-premises Rasp...
I can't figure out why you would want to use a tab mark
here. If you just want an ampersand, the remedy is
simple: Just type `I\&' now. But if some right brace
up above has ended a previous alignment prematurely,
you're probably due for more error messages, and you
might try typing `S' now just to see what is salvageable.

sections/06_conclusion.tex:14: Misplaced alignment tab character &.
<argument> Power &
                   UPS Resilience:
l.14     \item \textbf{Power & UPS Resilience:}
                                                Validated a $24.5\,\text{hou...
I can't figure out why you would want to use a tab mark
here. If you just want an ampersand, the remedy is
simple: Just type `I\&' now. But if some right brace
up above has ended a previous alignment prematurely,
you're probably due for more error messages, and you
might try typing `S' now just to see what is salvageable.

[25




]) [26]

Package biblatex Warning: No driver for 'standard'.
(biblatex)                Using fallback driver on input line 146.


Package biblatex Warning: No driver for 'standard'.
(biblatex)                Using fallback driver on input line 146.

Package microtype Info: Character `029' is missing
(microtype)             in font `T1/lmr/m/sc/10.95'.
(microtype)             Ignoring protrusion settings for this character.
[27



] [28]
\openout2 = `appendices/appendix_a_code.aux'.

 (appendices/appendix_a_code.tex
Appendix A.
LaTeX Font Info:    Font shape `T1/lmtt/bx/n' in size <14.4> not available
(Font)              Font shape `T1/lmtt/b/n' tried instead on input line 6.

Overfull \hbox (40.53445pt too wide) in paragraph at lines 6--6
|[]\T1/lmr/bx/n/14.4 (-20) Client Com-mu-ni-ca-tion & Dual-Failover Logic (\T1/lmtt/b/n/14.4 ClientDeviceV2.py\T1/lmr/bx/n/14.4 (-20) )| 
 []

(C:\Users\Saziz\AppData\Local\Programs\MiKTeX\tex/latex/listings\lstlang1.sty
File: lstlang1.sty 2025/11/14 1.11b listings language file
)
Package hyperref Info: bookmark level for unknown lstlisting defaults to 0 on input line 7.
LaTeX Font Info:    Font shape `T1/lmtt/bx/n' in size <10> not available
(Font)              Font shape `T1/lmtt/b/n' tried instead on input line 8.
 [29


]
Overfull \hbox (37.15942pt too wide) in paragraph at lines 63--63
|[]\T1/lmr/bx/n/14.4 (-20) Discrete Kalman Fil-ter RSSI Pro-ces-sor (\T1/lmtt/b/n/14.4 ble_positioning_4gw.py\T1/lmr/bx/n/14.4 (-20) )| 
 []

) [30]
\openout2 = `appendices/appendix_b_data.aux'.

 (appendices/appendix_b_data.tex
Appendix B.

LaTeX Warning: Reference `tab:gateway_network_config' on page 31 undefined on input line 7.


Underfull \hbox (badness 7722) in paragraph at lines 23--23
[]|\T1/lmr/bx/n/10.95 (+20) Physical Place-
 []


Underfull \hbox (badness 2495) in paragraph at lines 23--23
[]|\T1/lmr/m/n/10.95 (+20) Main En-gi-neer-ing
 []


Underfull \hbox (badness 10000) in paragraph at lines 23--23
[]|\T1/lmr/m/n/10.95 (+20) R&D Pro-to-type
 []


Underfull \hbox (badness 10000) in paragraph at lines 23--23
[]|\T1/lmr/m/n/10.95 (+20) Central Server
 []


LaTeX Warning: Reference `tab:pico_pinout' on page 31 undefined on input line 27.


Underfull \hbox (badness 5417) in paragraph at lines 50--50
[]|$\OT1/lmr/m/n/10.95 (+20) 3\OML/lmm/m/it/10.95 :\OT1/lmr/m/n/10.95 (+20) 7 []$ \T1/lmr/m/n/10.95 (+20) nom-i-nal from UPS
 []

(C:\Users\Saziz\AppData\Local\Programs\MiKTeX\tex/latex/listings\lstlang1.sty
File: lstlang1.sty 2025/11/14 1.11b listings language file
) [31




] [32]) [33] (main.aux (sections/00_executive_summary.aux) (sections/01_introduction.aux) (sections/02_background.aux) (sections/03_methodology.aux) (sections/04_results_analysis.aux) (sections/05_discussion.aux) (sections/06_conclusion.aux) (appendices/appendix_a_code.aux) (appendices/appendix_b_data.aux))
 ***********
LaTeX2e <2026-06-01>
L3 programming layer <2026-07-20>
 ***********


LaTeX Warning: There were undefined references.


LaTeX Warning: Label(s) may have changed. Rerun to get cross-references right.


Package rerunfilecheck Warning: File `main.out' has changed.
(rerunfilecheck)                Rerun to get outlines right
(rerunfilecheck)                or use package `bookmark'.

Package rerunfilecheck Info: Checksums for `main.out':
(rerunfilecheck)             Before: <no file>
(rerunfilecheck)             After:  FF0D57FE2EE09A1594CC61C2E55AD8D8;17753.

Package biblatex Warning: Please (re)run Biber on the file:
(biblatex)                main
(biblatex)                and rerun LaTeX afterwards.

Package logreq Info: Writing requests to 'main.run.xml'.
\openout1 = `main.run.xml'.

 ) 
Here is how much of TeX's memory you used:
 25887 strings out of 467501
 448324 string characters out of 5408550
 1554558 words of memory out of 5000000
 54155 multiletter control sequences out of 15000+600000
 720941 words of font info for 238 fonts, out of 8000000 for 9000
 1141 hyphenation exceptions out of 8191
 74i,13n,79p,1266b,2278s stack positions out of 10000i,1000n,20000p,200000b,200000s
<C:/Users/Saziz/AppData/Local/Programs/MiKTeX/fonts/type1/public/lm/lmbx10.pfb><C:/Users/Saziz/AppData/Local/Programs/MiKTeX/fonts/type1/public/lm/lmbx12.pfb><C:/Users/Saziz/AppData/Local/Programs/MiKTeX/fonts/type1/public/lm/lmbx8.pfb><C:/Users/Saziz/AppData/Local/Programs/MiKTeX/fonts/type1/public/lm/lmcsc10.pfb><C:/Users/Saziz/AppData/Local/Programs/MiKTeX/fonts/type1/public/lm/lmex10.pfb><C:/Users/Saziz/AppData/Local/Programs/MiKTeX/fonts/type1/public/lm/lmmi10.pfb><C:/Users/Saziz/AppData/Local/Programs/MiKTeX/fonts/type1/public/lm/lmmi6.pfb><C:/Users/Saziz/AppData/Local/Programs/MiKTeX/fonts/type1/public/lm/lmmi8.pfb><C:/Users/Saziz/AppData/Local/Programs/MiKTeX/fonts/type1/public/lm/lmr10.pfb><C:/Users/Saziz/AppData/Local/Programs/MiKTeX/fonts/type1/public/lm/lmr12.pfb><C:/Users/Saziz/AppData/Local/Programs/MiKTeX/fonts/type1/public/lm/lmr6.pfb><C:/Users/Saziz/AppData/Local/Programs/MiKTeX/fonts/type1/public/lm/lmr8.pfb><C:/Users/Saziz/AppData/Local/Programs/MiKTeX/fonts/type1/public/lm/lmri10.pfb><C:/Users/Saziz/AppData/Local/Programs/MiKTeX/fonts/type1/public/lm/lmsy10.pfb><C:/Users/Saziz/AppData/Local/Programs/MiKTeX/fonts/type1/public/lm/lmsy6.pfb><C:/Users/Saziz/AppData/Local/Programs/MiKTeX/fonts/type1/public/lm/lmsy8.pfb><C:/Users/Saziz/AppData/Local/Programs/MiKTeX/fonts/type1/public/lm/lmtk10.pfb><C:/Users/Saziz/AppData/Local/Programs/MiKTeX/fonts/type1/public/lm/lmtt10.pfb><C:/Users/Saziz/AppData/Local/Programs/MiKTeX/fonts/type1/public/lm/lmtti10.pfb>
Output written on main.pdf (39 pages, 568982 bytes).
PDF statistics:
 666 PDF objects out of 1000 (max. 8388607)
 320 named destinations out of 1000 (max. 500000)
 54273 words of extra memory for PDF output out of 61914 (max. 10000000)

