\BOOKMARK [0][-]{chapter*.1}{\376\377\000E\000x\000e\000c\000u\000t\000i\000v\000e\000\040\000S\000u\000m\000m\000a\000r\000y}{}% 1
\BOOKMARK [0][-]{chapter.1}{\376\377\000I\000n\000t\000r\000o\000d\000u\000c\000t\000i\000o\000n}{}% 2
\BOOKMARK [1][-]{section.1.1}{\376\377\000P\000r\000o\000b\000l\000e\000m\000\040\000S\000t\000a\000t\000e\000m\000e\000n\000t\000\040\000\046\000\040\000M\000o\000t\000i\000v\000a\000t\000i\000o\000n}{chapter.1}% 3
\BOOKMARK [1][-]{section.1.2}{\376\377\000P\000r\000o\000j\000e\000c\000t\000\040\000B\000a\000c\000k\000g\000r\000o\000u\000n\000d\000\040\000\046\000\040\000D\000e\000v\000e\000l\000o\000p\000m\000e\000n\000t\000a\000l\000\040\000T\000r\000a\000j\000e\000c\000t\000o\000r\000y}{chapter.1}% 4
\BOOKMARK [1][-]{section.1.3}{\376\377\000P\000r\000o\000j\000e\000c\000t\000\040\000S\000c\000o\000p\000e\000\040\000\046\000\040\000C\000o\000r\000e\000\040\000E\000n\000g\000i\000n\000e\000e\000r\000i\000n\000g\000\040\000O\000b\000j\000e\000c\000t\000i\000v\000e\000s}{chapter.1}% 5
\BOOKMARK [1][-]{section.1.4}{\376\377\000R\000e\000p\000o\000r\000t\000\040\000O\000r\000g\000a\000n\000i\000z\000a\000t\000i\000o\000n}{chapter.1}% 6
\BOOKMARK [0][-]{chapter.2}{\376\377\000T\000h\000e\000o\000r\000e\000t\000i\000c\000a\000l\000\040\000B\000a\000c\000k\000g\000r\000o\000u\000n\000d\000\040\000\046\000\040\000L\000i\000t\000e\000r\000a\000t\000u\000r\000e\000\040\000R\000e\000v\000i\000e\000w}{}% 7
\BOOKMARK [1][-]{section.2.1}{\376\377\000T\000h\000e\000o\000r\000e\000t\000i\000c\000a\000l\000\040\000F\000o\000u\000n\000d\000a\000t\000i\000o\000n\000s}{chapter.2}% 8
\BOOKMARK [2][-]{subsection.2.1.1}{\376\377\000K\000i\000n\000e\000m\000a\000t\000i\000c\000\040\000P\000r\000i\000n\000c\000i\000p\000l\000e\000s\000\040\000o\000f\000\040\000F\000a\000l\000l\000\040\000D\000e\000t\000e\000c\000t\000i\000o\000n}{section.2.1}% 9
\BOOKMARK [2][-]{subsection.2.1.2}{\376\377\000R\000a\000d\000i\000o\000\040\000F\000r\000e\000q\000u\000e\000n\000c\000y\000\040\000P\000r\000o\000p\000a\000g\000a\000t\000i\000o\000n\000\040\000\046\000\040\000P\000a\000t\000h\000\040\000L\000o\000s\000s\000\040\000M\000o\000d\000e\000l\000i\000n\000g}{section.2.1}% 10
\BOOKMARK [2][-]{subsection.2.1.3}{\376\377\000G\000e\000o\000m\000e\000t\000r\000i\000c\000\040\000L\000o\000c\000a\000l\000i\000z\000a\000t\000i\000o\000n\000:\000\040\000T\000r\000i\000l\000a\000t\000e\000r\000a\000t\000i\000o\000n\000\040\000\046\000\040\000W\000e\000i\000g\000h\000t\000e\000d\000\040\000C\000e\000n\000t\000r\000o\000i\000d}{section.2.1}% 11
\BOOKMARK [2][-]{subsection.2.1.4}{\376\377\000S\000t\000a\000t\000e\000\040\000E\000s\000t\000i\000m\000a\000t\000i\000o\000n\000\040\000v\000i\000a\000\040\000D\000i\000s\000c\000r\000e\000t\000e\000\040\000K\000a\000l\000m\000a\000n\000\040\000F\000i\000l\000t\000e\000r\000i\000n\000g}{section.2.1}% 12
\BOOKMARK [2][-]{subsection.2.1.5}{\376\377\000F\000u\000z\000z\000y\000\040\000L\000o\000g\000i\000c\000\040\000I\000n\000f\000e\000r\000e\000n\000c\000e\000\040\000f\000o\000r\000\040\000R\000o\000o\000m\000-\000L\000e\000v\000e\000l\000\040\000C\000l\000a\000s\000s\000i\000f\000i\000c\000a\000t\000i\000o\000n}{section.2.1}% 13
\BOOKMARK [2][-]{subsection.2.1.6}{\376\377\000W\000i\000r\000e\000l\000e\000s\000s\000\040\000P\000r\000o\000t\000o\000c\000o\000l\000\040\000A\000r\000c\000h\000i\000t\000e\000c\000t\000u\000r\000e\000:\000\040\000L\000o\000R\000a\000W\000A\000N\000\040\000v\000s\000.\000\040\000W\000i\000-\000F\000i}{section.2.1}% 14
\BOOKMARK [1][-]{section.2.2}{\376\377\000I\000n\000d\000u\000s\000t\000r\000i\000a\000l\000\040\000S\000t\000a\000n\000d\000a\000r\000d\000s\000\040\000\046\000\040\000C\000o\000m\000p\000e\000t\000i\000t\000i\000v\000e\000\040\000L\000a\000n\000d\000s\000c\000a\000p\000e}{chapter.2}% 15
\BOOKMARK [2][-]{subsection.2.2.1}{\376\377\000O\000c\000c\000u\000p\000a\000t\000i\000o\000n\000a\000l\000\040\000H\000e\000a\000l\000t\000h\000\040\000\046\000\040\000S\000a\000f\000e\000t\000y\000\040\000C\000o\000m\000p\000l\000i\000a\000n\000c\000e\000\040\000F\000r\000a\000m\000e\000w\000o\000r\000k}{section.2.2}% 16
\BOOKMARK [2][-]{subsection.2.2.2}{\376\377\000C\000o\000m\000p\000e\000t\000i\000t\000i\000v\000e\000\040\000S\000o\000l\000u\000t\000i\000o\000n\000\040\000B\000e\000n\000c\000h\000m\000a\000r\000k\000i\000n\000g}{section.2.2}% 17
\BOOKMARK [0][-]{chapter.3}{\376\377\000S\000y\000s\000t\000e\000m\000\040\000A\000r\000c\000h\000i\000t\000e\000c\000t\000u\000r\000e\000\040\000\046\000\040\000E\000n\000g\000i\000n\000e\000e\000r\000i\000n\000g\000\040\000M\000e\000t\000h\000o\000d\000o\000l\000o\000g\000y}{}% 18
\BOOKMARK [1][-]{section.3.1}{\376\377\000S\000y\000s\000t\000e\000m\000\040\000A\000r\000c\000h\000i\000t\000e\000c\000t\000u\000r\000e\000\040\000O\000v\000e\000r\000v\000i\000e\000w}{chapter.3}% 19
\BOOKMARK [1][-]{section.3.2}{\376\377\000H\000a\000r\000d\000w\000a\000r\000e\000\040\000D\000e\000s\000i\000g\000n\000\040\000\046\000\040\000C\000o\000m\000p\000o\000n\000e\000n\000t\000\040\000S\000e\000l\000e\000c\000t\000i\000o\000n}{chapter.3}% 20
\BOOKMARK [2][-]{subsection.3.2.1}{\376\377\000W\000e\000a\000r\000a\000b\000l\000e\000\040\000C\000l\000i\000e\000n\000t\000\040\000D\000e\000v\000i\000c\000e\000\040\000H\000a\000r\000d\000w\000a\000r\000e}{section.3.2}% 21
\BOOKMARK [2][-]{subsection.3.2.2}{\376\377\000C\000e\000n\000t\000r\000a\000l\000\040\000E\000d\000g\000e\000\040\000S\000e\000r\000v\000e\000r\000\040\000\046\000\040\000G\000a\000t\000e\000w\000a\000y\000\040\000L\000a\000y\000e\000r}{section.3.2}% 22
\BOOKMARK [1][-]{section.3.3}{\376\377\000F\000i\000r\000m\000w\000a\000r\000e\000\040\000A\000r\000c\000h\000i\000t\000e\000c\000t\000u\000r\000e\000\040\000\046\000\040\000E\000m\000b\000e\000d\000d\000e\000d\000\040\000L\000o\000g\000i\000c}{chapter.3}% 23
\BOOKMARK [2][-]{subsection.3.3.1}{\376\377\000M\000u\000l\000t\000i\000-\000M\000o\000d\000a\000l\000\040\000B\000u\000t\000t\000o\000n\000\040\000T\000r\000i\000g\000g\000e\000r\000i\000n\000g\000\040\000S\000t\000a\000t\000e\000\040\000M\000a\000c\000h\000i\000n\000e}{section.3.3}% 24
\BOOKMARK [2][-]{subsection.3.3.2}{\376\377\000H\000a\000r\000d\000w\000a\000r\000e\000\040\000C\000o\000n\000f\000l\000i\000c\000t\000\040\000I\000d\000e\000n\000t\000i\000f\000i\000c\000a\000t\000i\000o\000n\000\040\000\046\000\040\000R\000e\000s\000o\000l\000u\000t\000i\000o\000n\000\040\000\050\000G\000P\000I\000O\0001\0005\000\040\000D\000e\000b\000u\000g\000\051}{section.3.3}% 25
\BOOKMARK [2][-]{subsection.3.3.3}{\376\377\000K\000i\000n\000e\000m\000a\000t\000i\000c\000\040\000F\000a\000l\000l\000\040\000D\000e\000t\000e\000c\000t\000i\000o\000n\000\040\000A\000l\000g\000o\000r\000i\000t\000h\000m\000\040\000w\000i\000t\000h\000\040\000C\000a\000n\000c\000e\000l\000l\000a\000t\000i\000o\000n\000\040\000G\000r\000a\000c\000e\000\040\000W\000i\000n\000d\000o\000w}{section.3.3}% 26
\BOOKMARK [2][-]{subsection.3.3.4}{\376\377\000C\000o\000m\000p\000a\000c\000t\000\040\0004\000-\000B\000y\000t\000e\000\040\000L\000o\000R\000a\000W\000A\000N\000\040\000B\000i\000n\000a\000r\000y\000\040\000P\000a\000y\000l\000o\000a\000d\000\040\000D\000e\000s\000i\000g\000n}{section.3.3}% 27
\BOOKMARK [2][-]{subsection.3.3.5}{\376\377\000A\000u\000t\000o\000n\000o\000m\000o\000u\000s\000\040\000L\000o\000R\000a\000W\000A\000N\000-\000t\000o\000-\000W\000i\000-\000F\000i\000\040\000F\000a\000i\000l\000o\000v\000e\000r\000\040\000S\000t\000a\000t\000e\000\040\000M\000a\000c\000h\000i\000n\000e}{section.3.3}% 28
\BOOKMARK [1][-]{section.3.4}{\376\377\000S\000e\000r\000v\000e\000r\000\040\000A\000r\000c\000h\000i\000t\000e\000c\000t\000u\000r\000e\000,\000\040\000D\000a\000t\000a\000b\000a\000s\000e\000\040\000S\000c\000h\000e\000m\000a\000\040\000\046\000\040\000D\000i\000s\000p\000a\000t\000c\000h\000\040\000P\000i\000p\000e\000l\000i\000n\000e}{chapter.3}% 29
\BOOKMARK [2][-]{subsection.3.4.1}{\376\377\000E\000d\000g\000e\000\040\000S\000e\000r\000v\000e\000r\000\040\000M\000u\000l\000t\000i\000t\000h\000r\000e\000a\000d\000e\000d\000\040\000S\000o\000f\000t\000w\000a\000r\000e\000\040\000A\000r\000c\000h\000i\000t\000e\000c\000t\000u\000r\000e}{section.3.4}% 30
\BOOKMARK [2][-]{subsection.3.4.2}{\376\377\000S\000Q\000L\000i\000t\000e\000\040\000R\000e\000l\000a\000t\000i\000o\000n\000a\000l\000\040\000D\000a\000t\000a\000b\000a\000s\000e\000\040\000S\000c\000h\000e\000m\000a}{section.3.4}% 31
\BOOKMARK [2][-]{subsection.3.4.3}{\376\377\000M\000u\000l\000t\000i\000-\000C\000h\000a\000n\000n\000e\000l\000\040\000N\000o\000t\000i\000f\000i\000c\000a\000t\000i\000o\000n\000\040\000\046\000\040\000A\000c\000t\000u\000a\000t\000i\000o\000n\000\040\000P\000i\000p\000e\000l\000i\000n\000e}{section.3.4}% 32
\BOOKMARK [2][-]{subsection.3.4.4}{\376\377\000D\000y\000n\000a\000m\000i\000c\000\040\000W\000e\000b\000\040\000M\000a\000n\000a\000g\000e\000m\000e\000n\000t\000\040\000G\000U\000I\000\040\000\046\000\040\000I\000n\000t\000e\000r\000a\000c\000t\000i\000v\000e\000\040\000F\000l\000o\000o\000r\000\040\000P\000l\000a\000n\000\040\000M\000a\000p\000p\000e\000r}{section.3.4}% 33
\BOOKMARK [1][-]{section.3.5}{\376\377\000E\000x\000p\000e\000r\000i\000m\000e\000n\000t\000a\000l\000\040\000T\000e\000s\000t\000b\000e\000d\000\040\000\046\000\040\000C\000a\000l\000i\000b\000r\000a\000t\000i\000o\000n\000\040\000M\000e\000t\000h\000o\000d\000o\000l\000o\000g\000y}{chapter.3}% 34
\BOOKMARK [0][-]{chapter.4}{\376\377\000R\000e\000s\000u\000l\000t\000s\000\040\000\046\000\040\000P\000e\000r\000f\000o\000r\000m\000a\000n\000c\000e\000\040\000A\000n\000a\000l\000y\000s\000i\000s}{}% 35
\BOOKMARK [1][-]{section.4.1}{\376\377\000F\000a\000l\000l\000\040\000D\000e\000t\000e\000c\000t\000i\000o\000n\000\040\000C\000a\000l\000i\000b\000r\000a\000t\000i\000o\000n\000\040\000\046\000\040\000K\000i\000n\000e\000m\000a\000t\000i\000c\000\040\000V\000a\000l\000i\000d\000a\000t\000i\000o\000n}{chapter.4}% 36
\BOOKMARK [1][-]{section.4.2}{\376\377\000W\000i\000r\000e\000l\000e\000s\000s\000\040\000T\000e\000l\000e\000m\000e\000t\000r\000y\000\040\000\046\000\040\000F\000a\000i\000l\000o\000v\000e\000r\000\040\000L\000a\000t\000e\000n\000c\000y\000\040\000A\000n\000a\000l\000y\000s\000i\000s}{chapter.4}% 37
\BOOKMARK [1][-]{section.4.3}{\376\377\000B\000L\000E\000\040\000I\000n\000d\000o\000o\000r\000\040\000P\000o\000s\000i\000t\000i\000o\000n\000i\000n\000g\000\040\000\046\000\040\000G\000a\000t\000e\000w\000a\000y\000\040\000A\000t\000t\000e\000n\000u\000a\000t\000i\000o\000n\000\040\000P\000r\000o\000f\000i\000l\000i\000n\000g}{chapter.4}% 38
\BOOKMARK [2][-]{subsection.4.3.1}{\376\377\000G\000a\000t\000e\000w\000a\000y\000\040\000R\000S\000S\000I\000\040\000A\000t\000t\000e\000n\000u\000a\000t\000i\000o\000n\000\040\000C\000h\000a\000r\000a\000c\000t\000e\000r\000i\000z\000a\000t\000i\000o\000n}{section.4.3}% 39
\BOOKMARK [2][-]{subsection.4.3.2}{\376\377\000L\000o\000c\000a\000l\000i\000z\000a\000t\000i\000o\000n\000\040\000A\000l\000g\000o\000r\000i\000t\000h\000m\000\040\000A\000c\000c\000u\000r\000a\000c\000y\000\040\000C\000o\000m\000p\000a\000r\000i\000s\000o\000n}{section.4.3}% 40
\BOOKMARK [1][-]{section.4.4}{\376\377\000P\000o\000w\000e\000r\000\040\000B\000u\000d\000g\000e\000t\000\040\000K\000i\000n\000e\000t\000i\000c\000s\000\040\000\046\000\040\000S\000e\000r\000v\000e\000r\000\040\000U\000P\000S\000\040\000R\000e\000l\000i\000a\000b\000i\000l\000i\000t\000y}{chapter.4}% 41
\BOOKMARK [2][-]{subsection.4.4.1}{\376\377\000C\000l\000i\000e\000n\000t\000\040\000B\000a\000t\000t\000e\000r\000y\000\040\000D\000i\000s\000c\000h\000a\000r\000g\000e\000\040\000C\000h\000a\000r\000a\000c\000t\000e\000r\000i\000z\000a\000t\000i\000o\000n}{section.4.4}% 42
\BOOKMARK [2][-]{subsection.4.4.2}{\376\377\000S\000e\000r\000v\000e\000r\000\040\000U\000P\000S\000\040\000M\000a\000i\000n\000s\000\040\000F\000a\000i\000l\000u\000r\000e\000\040\000E\000n\000d\000u\000r\000a\000n\000c\000e}{section.4.4}% 43
\BOOKMARK [1][-]{section.4.5}{\376\377\000H\000a\000r\000d\000w\000a\000r\000e\000\040\000D\000i\000a\000g\000n\000o\000s\000t\000i\000c\000\040\000A\000n\000a\000l\000y\000s\000i\000s\000:\000\040\000R\000a\000s\000p\000b\000e\000r\000r\000y\000\040\000P\000i\000\040\0005\000\040\000R\000P\0001\000\040\000P\000M\000I\000C\000\040\000L\000o\000c\000k\000u\000p}{chapter.4}% 44
\BOOKMARK [1][-]{section.4.6}{\376\377\000B\000i\000l\000l\000\040\000o\000f\000\040\000M\000a\000t\000e\000r\000i\000a\000l\000s\000\040\000\050\000B\000O\000M\000\051\000\040\000\046\000\040\000U\000n\000i\000t\000\040\000F\000i\000n\000a\000n\000c\000i\000a\000l\000\040\000A\000n\000a\000l\000y\000s\000i\000s}{chapter.4}% 45
\BOOKMARK [0][-]{chapter.5}{\376\377\000D\000i\000s\000c\000u\000s\000s\000i\000o\000n\000\040\000\046\000\040\000C\000o\000m\000m\000e\000r\000c\000i\000a\000l\000i\000s\000a\000t\000i\000o\000n\000\040\000S\000t\000r\000a\000t\000e\000g\000y}{}% 46
\BOOKMARK [1][-]{section.5.1}{\376\377\000A\000n\000a\000l\000y\000s\000i\000s\000\040\000o\000f\000\040\000E\000n\000g\000i\000n\000e\000e\000r\000i\000n\000g\000\040\000I\000n\000s\000i\000g\000h\000t\000s\000\040\000\046\000\040\000T\000r\000a\000d\000e\000-\000O\000f\000f\000s}{chapter.5}% 47
\BOOKMARK [2][-]{subsection.5.1.1}{\376\377\000W\000i\000r\000e\000l\000e\000s\000s\000\040\000M\000u\000l\000t\000i\000-\000P\000r\000o\000t\000o\000c\000o\000l\000\040\000R\000e\000d\000u\000n\000d\000a\000n\000c\000y\000\040\000S\000y\000n\000e\000r\000g\000y}{section.5.1}% 48
\BOOKMARK [2][-]{subsection.5.1.2}{\376\377\000S\000p\000a\000t\000i\000a\000l\000\040\000L\000o\000c\000a\000l\000i\000z\000a\000t\000i\000o\000n\000:\000\040\000T\000h\000e\000\040\000C\000o\000o\000r\000d\000i\000n\000a\000t\000e\000\040\000v\000s\000.\000\040\000R\000o\000o\000m\000\040\000Z\000o\000n\000e\000\040\000P\000a\000r\000a\000d\000i\000g\000m}{section.5.1}% 49
\BOOKMARK [2][-]{subsection.5.1.3}{\376\377\000E\000c\000o\000n\000o\000m\000i\000c\000\040\000V\000i\000a\000b\000i\000l\000i\000t\000y\000:\000\040\000C\000A\000P\000E\000X\000\040\000v\000s\000.\000\040\000O\000P\000E\000X\000\040\000S\000u\000b\000s\000c\000r\000i\000p\000t\000i\000o\000n\000\040\000M\000o\000d\000e\000l\000s}{section.5.1}% 50
\BOOKMARK [1][-]{section.5.2}{\376\377\000E\000n\000v\000i\000r\000o\000n\000m\000e\000n\000t\000a\000l\000\040\000\046\000\040\000T\000e\000c\000h\000n\000i\000c\000a\000l\000\040\000L\000i\000m\000i\000t\000a\000t\000i\000o\000n\000s}{chapter.5}% 51
\BOOKMARK [1][-]{section.5.3}{\376\377\0006\0000\000-\000D\000a\000y\000\040\000C\000o\000m\000m\000e\000r\000c\000i\000a\000l\000i\000s\000a\000t\000i\000o\000n\000\040\000R\000o\000a\000d\000m\000a\000p}{chapter.5}% 52
\BOOKMARK [0][-]{chapter.6}{\376\377\000C\000o\000n\000c\000l\000u\000s\000i\000o\000n\000\040\000\046\000\040\000F\000u\000t\000u\000r\000e\000\040\000W\000o\000r\000k}{}% 53
\BOOKMARK [1][-]{section.6.1}{\376\377\000S\000u\000m\000m\000a\000r\000y\000\040\000o\000f\000\040\000E\000n\000g\000i\000n\000e\000e\000r\000i\000n\000g\000\040\000A\000c\000h\000i\000e\000v\000e\000m\000e\000n\000t\000s}{chapter.6}% 54
\BOOKMARK [1][-]{section.6.2}{\376\377\000F\000u\000t\000u\000r\000e\000\040\000R\000e\000s\000e\000a\000r\000c\000h\000\040\000\046\000\040\000E\000n\000g\000i\000n\000e\000e\000r\000i\000n\000g\000\040\000D\000i\000r\000e\000c\000t\000i\000o\000n\000s}{chapter.6}% 55
\BOOKMARK [0][-]{chapter*.12}{\376\377\000R\000e\000f\000e\000r\000e\000n\000c\000e\000s}{}% 56
\BOOKMARK [0][-]{appendix.A}{\376\377\000C\000o\000r\000e\000\040\000F\000i\000r\000m\000w\000a\000r\000e\000\040\000\046\000\040\000S\000e\000r\000v\000e\000r\000\040\000C\000o\000d\000e\000\040\000L\000i\000s\000t\000i\000n\000g\000s}{}% 57
\BOOKMARK [1][-]{appendix.A.1}{\376\377\000C\000l\000i\000e\000n\000t\000\040\000C\000o\000m\000m\000u\000n\000i\000c\000a\000t\000i\000o\000n\000\040\000\046\000\040\000D\000u\000a\000l\000-\000F\000a\000i\000l\000o\000v\000e\000r\000\040\000L\000o\000g\000i\000c\000\040\000\050\000C\000l\000i\000e\000n\000t\000D\000e\000v\000i\000c\000e\000V\0002\000.\000p\000y\000\051}{appendix.A}% 58
\BOOKMARK [1][-]{appendix.A.2}{\376\377\000D\000i\000s\000c\000r\000e\000t\000e\000\040\000K\000a\000l\000m\000a\000n\000\040\000F\000i\000l\000t\000e\000r\000\040\000R\000S\000S\000I\000\040\000P\000r\000o\000c\000e\000s\000s\000o\000r\000\040\000\050\000b\000l\000e\000\137\000p\000o\000s\000i\000t\000i\000o\000n\000i\000n\000g\000\137\0004\000g\000w\000.\000p\000y\000\051}{appendix.A}% 59
\BOOKMARK [0][-]{appendix.B}{\376\377\000S\000u\000p\000p\000l\000e\000m\000e\000n\000t\000a\000r\000y\000\040\000E\000n\000g\000i\000n\000e\000e\000r\000i\000n\000g\000\040\000D\000a\000t\000a\000\040\000\046\000\040\000H\000a\000r\000d\000w\000a\000r\000e\000\040\000S\000c\000h\000e\000m\000a\000t\000i\000c\000s}{}% 60
\BOOKMARK [1][-]{appendix.B.1}{\376\377\000B\000L\000E\000\040\000G\000a\000t\000e\000w\000a\000y\000\040\000N\000e\000t\000w\000o\000r\000k\000\040\000T\000o\000p\000o\000l\000o\000g\000y\000\040\000\046\000\040\000M\000A\000C\000\040\000A\000l\000l\000o\000c\000a\000t\000i\000o\000n\000s}{appendix.B}% 61
\BOOKMARK [1][-]{appendix.B.2}{\376\377\000C\000l\000i\000e\000n\000t\000\040\000M\000i\000c\000r\000o\000c\000o\000n\000t\000r\000o\000l\000l\000e\000r\000\040\000H\000a\000r\000d\000w\000a\000r\000e\000\040\000P\000i\000n\000o\000u\000t\000\040\000M\000a\000p\000p\000i\000n\000g}{appendix.B}% 62
\BOOKMARK [1][-]{appendix.B.3}{\376\377\000S\000Q\000L\000i\000t\000e\000\040\000D\000a\000t\000a\000b\000a\000s\000e\000\040\000R\000e\000l\000a\000t\000i\000o\000n\000a\000l\000\040\000S\000c\000h\000e\000m\000a\000\040\000D\000D\000L}{appendix.B}% 63
